// Jest Snapshot v1, https://goo.gl/fbAQLP

exports[`Button matches snapshot 1`] = `
<div
  className="button-main"
  data-testid="button"
>
  Click Me!
</div>
`;
